YDR324C	48	48
YDL017W	14	14
YDR311W	15	15
YDR178W	5	5
YKL141W	6	6
YML098W	17	17
YHR164C	6	6
YNL245C	3	3
YOL006C	2	2
YIL133C	122	122
YGR261C	1	1
YBL037W	7	7
YMR236W	21	21
YKR068C	16	16
YLR038C	9	9
YKL210W	11	11
YNL002C	18	18
YNL136W	3	3
YLR247C	4	4
YER178W	4	4
YKL057C	3	3
YLR186W	45	45
YFR032C-A	118	118
YJR006W	11	11
YML069W	8	8
YLR229C	7	7
YLR039C	1	1
YOR151C	15	15
YBR048W	133	133
YBL027W	81	81
YKR002W	10	10
YJL168C	7	7
YGL141W	4	4
YDR153C	1	1
YDL165W	5	5
YPL022W	11	11
YGR123C	1	1
YEL003W	4	4
YNL262W	18	18
YMR189W	3	3
YKR014C	2	2
YJL013C	4	4
YDR485C	7	7
YIL026C	4	4
YDL155W	1	1
YDR449C	57	57
YDL136W	121	121
YOR026W	10	10
YJR031C	9	9
Q0085	13	13
YKR038C	2	2
YPL147W	1	1
YDR128W	6	6
YKL125W	4	4
YNL261W	15	15
YLR086W	4	4
YBR217W	2	2
YMR276W	1	1
YER169W	5	5
YDR201W	5	5
YGR002C	20	20
YGR220C	8	8
YBL071W-A	2	2
YBL035C	15	15
YCL009C	1	1
YMR128W	32	32
YDR057W	4	4
YPR047W	1	1
YDL191W	81	81
YDR092W	19	19
YBR283C	3	3
YLR175W	9	9
YIL149C	4	4
YMR176W	2	2
YDR012W	117	117
YPR168W	7	7
YPR178W	25	25
YDR192C	4	4
YEL024W	13	13
YIL079C	3	3
YLR015W	5	5
Q0120	7	7
YPR181C	21	21
YAL029C	1	1
YOR213C	3	3
YPL129W	8	8
YBR181C	163	163
YEL032W	21	21
YGL227W	4	4
YIL033C	3	3
YNL330C	9	9
YLL034C	1	1
YGR034W	118	118
YKL156W	55	55
YDR404C	31	31
YCR046C	12	12
YBR135W	3	3
YDL226C	4	4
YNL232W	14	14
YAR007C	36	36
YPL086C	3	3
YHR005C-A	6	6
YMR026C	9	9
YER090W	1	1
YKL166C	1	1
YGL095C	1	1
YNL102W	16	16
YHR051W	16	16
YLL004W	12	12
YML094W	4	4
YML105C	4	4
YNL026W	7	7
YHR023W	1	1
YKL059C	6	6
YOR253W	5	5
YLR078C	11	11
YLR163C	6	6
YLR166C	6	6
YOR207C	32	32
YKL007W	1	1
YCR081W	2	2
YHR156C	9	9
YBL047C	1	1
YLR141W	2	2
YER165W	17	17
YCR077C	4	4
YDL040C	5	5
YFR002W	7	7
YGL244W	6	6
YDR298C	14	14
YFR010W	32	32
YLR314C	3	3
YJL054W	1	1
YHL001W	119	119
YJL194W	16	16
YMR197C	12	12
YJL166W	12	12
Q0105	7	7
YPL233W	3	3
YML071C	3	3
YOR033C	5	5
YPR133C	1	1
YJR137C	1	1
YJL024C	1	1
YJR123W	133	133
YPL152W	8	8
YDR189W	4	4
YKL148C	3	3
YHR024C	1	1
YGL094C	1	1
YGL049C	14	14
YKL081W	1	1
YNL162W	76	76
YDR394W	35	35
YPR137W	51	51
YGR090W	42	42
YHR172W	2	2
YOR022C	2	2
YER151C	2	2
YGR083C	6	6
YIR022W	2	2
YKL135C	5	5
YPR056W	28	28
YNL153C	4	4
YPL167C	5	5
YDR244W	15	15
YOR089C	2	2
YGL111W	16	16
YBR073W	1	1
YLR272C	4	4
YDR099W	1	1
YGR085C	119	119
YDR418W	122	122
YGL189C	127	127
YDR500C	122	122
YJL104W	8	8
YER103W	4	4
YLR208W	29	29
YGR148C	118	118
YML102W	2	2
YPL122C	29	29
YJR063W	10	10
YHR086W	1	1
YDL097C	36	36
YOR340C	11	11
YML025C	12	12
YGL058W	15	15
YKL033W	4	4
YDR166C	6	6
YLR075W	120	120
YMR127C	5	5
YBR175W	4	4
YAL010C	2	2
YNL059C	6	6
YLR057W	1	1
YGL091C	1	1
YML015C	13	13
YGL003C	11	11
YDR097C	7	7
YGL172W	3	3
YJR045C	5	5
YOR295W	1	1
YLR029C	119	119
YPL240C	9	9
YBR034C	2	2
YLR170C	3	3
YNL112W	1	1
YNR023W	5	5
YDR255C	6	6
YBL058W	1	1
YJL124C	7	7
YGR244C	1	1
YGL125W	1	1
YBL099W	20	20
YKL197C	4	4
YML077W	15	15
YLR009W	25	25
YBR160W	17	17
YBL019W	5	5
YLR167W	148	148
YBR097W	3	3
YOR290C	5	5
YOL018C	8	8
YPL029W	1	1
YNL088W	1	1
YPL081W	159	159
YGR074W	50	50
YPL017C	4	4
YJL090C	1	1
YGR038W	2	2
YOL097C	1	1
YPR082C	30	30
YGR099W	4	4
YMR056C	1	1
YPL181W	2	2
YER094C	32	32
YHR141C	118	118
YER012W	33	33
YLR396C	7	7
YNL139C	3	3
YER087W	1	1
YNL113W	22	22
YGL206C	14	14
YDL147W	36	36
YML093W	48	48
YPR105C	3	3
YDR238C	12	12
YKL068W	4	4
YOR206W	16	16
YOR185C	2	2
YOL124C	1	1
YNL132W	23	23
YNL075W	55	55
YIL076W	7	7
YDR060W	2	2
YLR207W	5	5
YDR490C	1	1
YBR109C	10	10
YMR203W	8	8
YOL100W	1	1
YGR091W	26	26
YJR058C	5	5
YGR158C	11	11
YFL027C	1	1
YNL201C	2	2
YOR212W	3	3
YNL202W	1	1
YPL217C	56	56
YDL043C	22	22
YJL047C	1	1
YER126C	18	18
YDR301W	15	15
YPL013C	14	14
YHR107C	3	3
YHR203C	58	58
YLR025W	11	11
YLL041C	6	6
YOR116C	19	19
YDR472W	11	11
YDL014W	48	48
YOR027W	2	2
YDR221W	1	1
YDL076C	1	1
YKL022C	10	10
YLR060W	2	2
YER056C-A	109	109
YHR039C-A	12	12
YKL113C	10	10
YOR303W	1	1
YHR069C	13	13
YCR033W	6	6
YHR085W	5	5
YJL210W	5	5
YPL083C	2	2
YBR264C	1	1
YDR486C	1	1
YNL273W	1	1
YAL043C	14	14
YHR165C	44	44
YER018C	9	9
YER048W-A	4	4
YGR108W	2	2
YJR050W	9	9
YPR004C	1	1
YGL150C	6	6
YLR417W	9	9
YDR176W	18	18
YBR002C	1	1
YMR077C	9	9
YDR292C	1	1
YDL077C	5	5
YKL058W	28	28
YDL208W	5	5
YBL105C	4	4
YJR019C	2	2
YKL193C	2	2
YLR264W	129	129
YMR227C	16	16
YPL064C	1	1
YNR046W	2	2
YML088W	1	1
YNL242W	1	1
YGL212W	1	1
YLR367W	55	55
YAL044C	3	3
YNL138W-A	21	21
YFL005W	2	2
YJL014W	7	7
YGR264C	2	2
YPL101W	3	3
YER087C-B	3	3
YIL103W	2	2
YPL048W	1	1
YGL019W	2	2
YKL006W	117	117
YGL135W	120	120
YNL007C	2	2
YDR167W	23	23
YFL008W	4	4
YJL072C	12	12
YLR259C	2	2
YGL151W	1	1
YGR013W	6	6
YPL232W	12	12
YER173W	5	5
YMR096W	1	1
YJL041W	14	14
YOR150W	2	2
YFR004W	36	36
YKL080W	13	13
YLR097C	2	2
YPR094W	19	19
YDL090C	1	1
YGL022W	5	5
YDL081C	76	76
YDR339C	41	41
YIR008C	15	15
YLR182W	2	2
YER144C	2	2
YBR082C	10	10
YDR373W	1	1
YDR159W	1	1
YLR129W	55	55
YGL092W	8	8
YDR059C	10	10
YLR291C	7	7
YGR207C	1	1
YKL025C	1	1
YFL034C-A	117	117
YKR060W	5	5
YFL044C	1	1
YJR002W	54	54
YOR361C	47	47
YNL126W	2	2
YLL006W	3	3
YJR104C	1	1
YDL074C	1	1
YDR064W	133	133
YGL153W	9	9
YOR261C	35	35
YGR183C	13	13
YJL001W	34	34
YCR093W	5	5
YDR196C	1	1
YLR386W	3	3
YGL137W	7	7
YGR163W	1	1
YLR258W	2	2
YPR066W	2	2
YLR344W	118	118
YLR409C	53	53
YNL288W	4	4
YHR098C	8	8
YLR277C	10	10
YPL235W	15	15
YML073C	76	76
YIL021W	30	30
YOR179C	10	10
YJL100W	2	2
YDR116C	3	3
YLR088W	3	3
YJL063C	5	5
YDL150W	16	16
YFR021W	2	2
YGR009C	10	10
YNL049C	7	7
YDL029W	9	9
YOL145C	6	6
YKL154W	1	1
YGL173C	2	2
YDL134C	6	6
YGR185C	1	1
YER025W	43	43
YIL143C	35	35
YIL115C	9	9
YOR115C	11	11
YOR175C	1	1
YMR296C	3	3
YPR143W	13	13
YJL050W	11	11
YER157W	3	3
YIL035C	2	2
YGR241C	2	2
YML036W	2	2
YMR205C	1	1
YLR340W	124	124
YBR087W	16	16
YDL140C	37	37
YDR462W	5	5
YOR270C	11	11
YBL084C	10	10
YPR020W	9	9
YCR042C	20	20
YMR036C	2	2
YOL078W	2	2
YPL090C	87	87
YBR154C	48	48
YIL007C	25	25
YJR089W	1	1
YPL218W	8	8
YLR323C	1	1
YDR235W	6	6
YNL244C	6	6
YBR058C	4	4
YNL317W	12	12
YLR071C	9	9
YKR025W	15	15
YIL046W	2	2
YGR029W	1	1
YGR170W	1	1
YJL140W	29	29
YLR055C	10	10
YER102W	132	132
YDR267C	3	3
YHR186C	3	3
YDL042C	2	2
YGL207W	13	13
YBR102C	6	6
YDR437W	3	3
YJR042W	6	6
YBR229C	1	1
YDR440W	2	2
YNL131W	5	5
YCL017C	4	4
YDL095W	2	2
YDR139C	3	3
YJL045W	3	3
YOR369C	130	130
YNL039W	12	12
YDR087C	12	12
YBL045C	7	7
YPL094C	3	3
YLR422W	1	1
YBR060C	17	17
YDL111C	11	11
YGL219C	2	2
YGL180W	2	2
YER021W	35	35
YGR056W	7	7
YGR278W	7	7
YFR051C	10	10
YEL015W	1	1
YPR019W	21	21
YLR103C	23	23
YGL187C	12	12
YNL182C	1	1
YOR141C	1	1
YOR210W	52	52
YDR145W	24	24
YKR001C	1	1
YER006W	4	4
YGL115W	3	3
YER082C	55	55
YNL312W	33	33
YDL132W	13	13
YGL116W	12	12
YER051W	5	5
YHR171W	3	3
YHR066W	12	12
YPL126W	46	46
YDR148C	3	3
YDR529C	13	13
YKL018W	6	6
YML019W	2	2
YLR433C	3	3
YNL031C	16	16
YNR007C	2	2
YFL030W	1	1
YPL220W	76	76
YLR370C	7	7
YDR432W	8	8
YMR268C	3	3
YMR075W	5	5
YBL003C	13	13
YPR043W	76	76
YKR017C	2	2
YKL002W	10	10
YLR306W	11	11
YMR223W	12	12
YKL143W	5	5
YNL090W	1	1
YDR381W	3	3
YKR058W	1	1
YDR190C	16	16
YLR192C	6	6
YNL147W	29	29
YGL100W	11	11
YDR288W	5	5
YAL003W	2	2
YNL037C	2	2
YNL302C	127	127
YHR148W	49	49
YPR048W	1	1
YNL267W	4	4
YJR109C	1	1
YKR035W-A	2	2
YPL243W	4	4
YNL021W	5	5
YNL005C	9	9
YPR036W	14	14
YJR090C	1	1
YOR319W	18	18
YDR246W	10	10
YPL085W	2	2
YMR188C	4	4
YKL009W	17	17
YMR277W	9	9
YLR287C-A	54	54
YML114C	12	12
YOR226C	3	3
YDL143W	7	7
YLL045C	119	119
YJL039C	3	3
YKL191W	2	2
YJL125C	3	3
YER111C	1	1
YDR049W	1	1
YML024W	54	54
YGR005C	30	30
YKL139W	8	8
YKL010C	8	8
YKL207W	4	4
YKR062W	3	3
YMR167W	7	7
YGR129W	15	15
YGR162W	14	14
YLL001W	1	1
YBL008W	4	4
YOR057W	1	1
YLR262C	4	4
YKL114C	1	1
YOR085W	5	5
YNL185C	4	4
YBR023C	1	1
YHR034C	2	2
YDR364C	19	19
YLR318W	2	2
YPL203W	1	1
YDL008W	10	10
YLR164W	2	2
YDL007W	35	35
YFL024C	8	8
YDR407C	8	8
YJR099W	4	4
YIL017C	2	2
YDR443C	4	4
YNL030W	6	6
YAL032C	17	17
YJL030W	12	12
YEL062W	6	6
YPR088C	4	4
YLR438C-A	29	29
YDR075W	6	6
YOR287C	23	23
YML032C	4	4
YOR250C	3	3
YOR157C	34	34
YCR063W	13	13
YDL093W	2	2
YDR328C	15	15
YJR066W	12	12
YJR086W	2	2
YDR323C	1	1
YMR192W	1	1
YMR230W	126	126
YDR263C	5	5
YPR141C	1	1
YOR244W	16	16
YKL003C	12	12
YDR062W	3	3
YLL008W	11	11
YDR390C	2	2
YJR010C-A	2	2
YKL212W	2	2
YDR224C	8	8
YKR086W	5	5
YGL043W	22	22
YGR200C	3	3
YGR252W	18	18
YDR027C	2	2
YPL097W	1	1
YGR246C	16	16
YIL109C	8	8
YNL121C	5	5
YAL016W	8	8
YJR131W	1	1
YJR035W	9	9
YPL016W	2	2
YOR014W	4	4
YAL041W	2	2
YCL016C	3	3
YJL065C	1	1
YCL059C	51	51
YGR195W	13	13
YLR439W	8	8
YMR284W	1	1
YBL039C	2	2
YPR180W	2	2
YMR048W	5	5
YJL176C	4	4
YKL144C	17	17
YDL004W	15	15
YDR108W	8	8
YFR031C	4	4
YML012W	7	7
YDR405W	4	4
YBR143C	106	106
YIL144W	14	14
YDR334W	13	13
YGL231C	4	4
YBR136W	1	1
YPL023C	1	1
YDR382W	116	116
YOL040C	130	130
YMR135C	4	4
YOR181W	5	5
YKR054C	1	1
YLR424W	2	2
YNL290W	19	19
YCR031C	159	159
YPL211W	17	17
YNL070W	5	5
YBR146W	13	13
YLR384C	3	3
YBR055C	32	32
YGR119C	10	10
YDL083C	55	55
YCL039W	2	2
YGR240C	1	1
YEL012W	1	1
YMR017W	10	10
Q0275	7	7
YMR093W	48	48
YKL180W	120	120
YGL123W	132	132
YDL082W	117	117
YLR007W	5	5
YGL191W	8	8
YLR200W	4	4
YER095W	1	1
YDR140W	1	1
YPR018W	2	2
YGR048W	3	3
YLR441C	129	129
YDR489W	13	13
YNL207W	5	5
YBL078C	2	2
YPL169C	3	3
YKL203C	2	2
YGL048C	35	35
YBR234C	7	7
YPR144C	45	45
YJR022W	27	27
YDL201W	3	3
YPL198W	117	117
YOR294W	17	17
YPL209C	15	15
YJR102C	8	8
YHL031C	14	14
YGL174W	2	2
YDR086C	6	6
YBR201W	4	4
YDR175C	11	11
YAL034W-A	9	9
YBL026W	35	35
YKR094C	137	137
YOR362C	35	35
YDR427W	35	35
YER146W	25	25
YHR200W	35	35
YGR225W	8	8
YLL036C	36	36
YOL133W	20	20
YDR510W	18	18
YJR088C	4	4
YER105C	1	1
YJR036C	1	1
YOR257W	2	2
YKL099C	40	40
YDL153C	47	47
YNR017W	12	12
YLR093C	7	7
YNL052W	6	6
YGL066W	15	15
YKR095W	4	4
YKL173W	43	43
YJL154C	3	3
YPL002C	8	8
YDL217C	4	4
YDR165W	3	3
YGR193C	3	3
YDR142C	6	6
YNL169C	1	1
YIL069C	126	126
YBR191W	117	117
YDL126C	11	11
YHR143W-A	48	48
YOL034W	5	5
YPL259C	5	5
YIL066C	2	2
YNL161W	1	1
YGR238C	1	1
YNL069C	122	122
YMR213W	42	42
YDR054C	4	4
YHR081W	5	5
YLR142W	1	1
YBL079W	1	1
YDR045C	16	16
YGL070C	28	28
YEL061C	8	8
YPL003W	2	2
YPR025C	15	15
YPR173C	3	3
YAL035W	90	90
YIL018W	81	81
YBL087C	118	118
YHR042W	1	1
YKL106W	2	2
YJL143W	10	10
YGL093W	8	8
YLR210W	1	1
YIL093C	1	1
YDL058W	3	3
YBR282W	3	3
YGL076C	119	119
YIR009W	31	31
YML063W	59	59
YBL097W	4	4
YMR229C	43	43
YJR007W	57	57
YBR202W	21	21
YER112W	27	27
YDR416W	32	32
YIL068C	6	6
YLR293C	2	2
YMR218C	8	8
YLR399C	1	1
YOL010W	47	47
YKL196C	19	19
YDL120W	5	5
YOR144C	2	2
YML041C	6	6
YKL188C	1	1
YPR132W	55	55
YGL245W	2	2
YOR004W	19	19
YOL005C	33	33
YHR088W	18	18
YKR008W	3	3
YFL037W	2	2
YOR167C	129	129
YGL103W	121	121
YHR021C	127	127
YFL018C	9	9
YPL065W	9	9
YFL002C	9	9
YEL054C	76	76
YBR257W	7	7
YML057W	3	3
YPR119W	1	1
YDR450W	55	55
YKL016C	15	15
YNL041C	3	3
YBR091C	2	2
YMR309C	37	37
YPR191W	12	12
YGR216C	3	3
YLR335W	9	9
YDR243C	16	16
YMR260C	39	39
YIL128W	3	3
YMR005W	12	12
YLR233C	1	1
YPL079W	117	117
YOR145C	49	49
YLR191W	11	11
YDR177W	12	12
YIL004C	9	9
YKR082W	6	6
YHR119W	7	7
YOR096W	163	163
YPL042C	9	9
YGL020C	1	1
YCL029C	1	1
YKR071C	1	1
YPR131C	6	6
YFR031C-A	121	121
YLR448W	117	117
YIL022W	8	8
YNR006W	9	9
YOL094C	16	16
YIL142W	7	7
YGR072W	1	1
YGR006W	4	4
YLR418C	4	4
YDR434W	3	3
YGL044C	4	4
YMR224C	2	2
Q0250	9	9
YDL030W	19	19
YHL033C	119	119
YPR086W	34	34
YLR074C	8	8
YDL149W	1	1
YOR039W	4	4
YDR228C	9	9
YOR297C	1	1
YIL084C	2	2
YJL068C	1	1
YJL069C	55	55
YJL111W	7	7
YHR026W	20	20
YLR234W	2	2
YGR180C	2	2
YDR256C	1	1
YIL160C	2	2
YER125W	8	8
YHR012W	3	3
YER019C-A	3	3
YOR038C	3	3
YNL062C	3	3
YHR099W	27	27
YMR288W	38	38
YPR190C	18	18
YJL011C	16	16
YOL148C	16	16
YHL002W	4	4
YFR014C	1	1
YGR167W	1	1
YDR320C	1	1
YIR005W	6	6
YGL205W	1	1
YKR016W	1	1
YDR424C	1	1
YBR009C	6	6
YIL075C	36	36
YMR033W	3	3
YDR371W	1	1
YGR095C	14	14
YOL072W	1	1
YOL146W	10	10
YGR020C	14	14
YOR232W	12	12
YIL030C	1	1
YOL039W	116	116
YFR019W	4	4
YNL325C	2	2
YKL117W	1	1
YNR036C	2	2
YNL248C	10	10
YDL061C	129	129
YCR084C	1	1
YOL090W	7	7
YEL027W	21	21
YER136W	8	8
YDL164C	11	11
YFL009W	3	3
YER127W	3	3
YCL057C-A	1	1
YAL062W	1	1
YER172C	41	41
YIL061C	26	26
YPL234C	19	19
YDR280W	14	14
YOL013C	4	4
YHR020W	1	1
YJL177W	120	120
YDL092W	4	4
YAL030W	14	14
YEL019C	5	5
YPR016C	9	9
YJR103W	2	2
YOL127W	123	123
YER068W	4	4
YDR337W	14	14
YOL068C	2	2
YNL006W	5	5
YKL053C-A	1	1
YBL004W	35	35
YMR078C	5	5
YLR298C	17	17
YEL051W	14	14
YOR156C	2	2
YDR265W	6	6
YLR115W	16	16
YGL073W	5	5
YCL031C	41	41
YGL233W	6	6
YPL063W	7	7
YGR118W	126	126
YMR142C	117	117
YDL148C	58	58
YOR194C	27	27
YLR398C	2	2
YDR448W	15	15
YER107C	2	2
YOR234C	118	118
YJL190C	55	55
YDL145C	9	9
YPR049C	2	2
YGL213C	2	2
YDR482C	2	2
YMR143W	133	133
YJR138W	6	6
YKL034W	1	1
YKR026C	6	6
YDR517W	1	1
YBL080C	1	1
YLR089C	1	1
YPR162C	15	15
YPR067W	1	1
YLR148W	7	7
YKL190W	4	4
YDR137W	1	1
YCR092C	3	3
YOR046C	1	1
YJL081C	10	10
YER148W	39	39
YGL201C	21	21
YMR231W	7	7
YKL186C	1	1
YPR029C	5	5
YBR251W	11	11
YMR146C	52	52
YNR052C	5	5
YGL120C	5	5
YIL118W	1	1
YLR216C	2	2
YML013W	2	2
YML097C	3	3
YER029C	49	49
YGL087C	9	9
YER070W	2	2
YPR112C	9	9
YJR117W	1	1
YAL023C	2	2
YPL037C	1	1
YDR121W	6	6
YCR052W	6	6
YPL151C	23	23
YNR038W	6	6
YLR383W	5	5
YGR063C	21	21
YDL056W	1	1
YGL145W	2	2
YER177W	1	1
YIL106W	1	1
YIL097W	3	3
YCL010C	17	17
YEL002C	6	6
YFR033C	11	11
YDL215C	2	2
YGR157W	1	1
YDL098C	23	23
YDR468C	2	2
YIL003W	1	1
YGL237C	2	2
YOL016C	1	1
YLR395C	7	7
YIL052C	118	118
YPL143W	118	118
YIL034C	1	1
YPR108W	35	35
YMR287C	11	11
YEL022W	9	9
YKR099W	1	1
YDR429C	53	53
YDR398W	38	38
YBR080C	8	8
YGL129C	11	11
YPR166C	11	11
YGR033C	7	7
YMR194W	118	118
YPL195W	3	3
YOR332W	16	16
YGL105W	2	2
YOR308C	25	25
YLL039C	24	24
YBR278W	2	2
YHR005C	2	2
YGR276C	1	1
YBR289W	6	6
YOR001W	13	13
YKL045W	15	15
YJR093C	15	15
YNL097C	8	8
YKL211C	1	1
YPR185W	1	1
YLR028C	1	1
YDR335W	2	2
YOL076W	2	2
YCR002C	3	3
YNR003C	17	17
YJL141C	1	1
YPL024W	2	2
YBR031W	117	117
YJR076C	3	3
YOR117W	35	35
YLR274W	21	21
YGR113W	4	4
YGL086W	4	4
YJR005W	3	3
YCR066W	7	7
YDL075W	119	119
YNL067W	117	117
YDR268W	1	1
YJL203W	15	15
YER171W	33	33
YER022W	7	7
YHR166C	10	10
YFR001W	4	4
YOR217W	8	8
YKL041W	8	8
YPR034W	8	8
YDL188C	4	4
YOR063W	122	122
YER133W	14	14
YBR215W	3	3
YKL019W	2	2
YNL204C	4	4
YDR111C	1	1
YOR064C	2	2
YBR070C	1	1
YKR057W	127	127
YMR121C	119	119
YOR358W	3	3
YCL045C	4	4
YKR063C	1	1
YJR073C	1	1
YLR397C	1	1
YIL148W	76	76
YAL002W	5	5
YEL037C	8	8
YGR003W	1	1
YJR094W-A	118	118
YDR484W	2	2
YPR176C	4	4
YBR195C	2	2
YDR498C	2	2
YBL074C	1	1
YBR254C	13	13
YJL006C	6	6
YGR047C	7	7
YPR189W	8	8
YOR346W	7	7
YGR184C	2	2
YGL248W	1	1
YHR158C	1	1
YNL287W	21	21
YLR003C	10	10
YHL004W	13	13
YDL116W	6	6
YJL002C	5	5
YGL240W	10	10
YJR010W	1	1
YDR409W	2	2
YOR260W	7	7
YPR175W	16	16
YGL200C	5	5
YAL033W	6	6
YOR103C	5	5
YBL104C	6	6
YLR116W	1	1
YBR247C	24	24
YKL012W	14	14
YGR078C	4	4
YPL031C	3	3
YPL138C	3	3
YIR002C	2	2
YPL046C	2	2
YJL074C	3	3
YJR068W	20	20
YGL030W	120	120
YPL178W	20	20
YLR321C	7	7
YFL038C	20	20
YJR113C	11	11
YNL189W	1	1
YLR197W	52	52
YBR279W	6	6
YDL175C	3	3
YBL050W	5	5
YGL208W	2	2
YLR185W	122	122
YGL147C	117	117
YBR079C	39	39
YER074W	55	55
YML046W	10	10
YMR108W	1	1
YMR028W	2	2
YJL026W	2	2
YPL213W	32	32
YGR186W	5	5
YDR320C-A	2	2
YNL071W	4	4
YGR082W	5	5
YLR350W	2	2
YBR236C	1	1
YKL074C	2	2
YAL025C	14	14
YKR029C	2	2
YOR182C	123	123
YLR447C	16	16
YLR357W	7	7
YPL175W	3	3
YMR118C	3	3
YFR030W	1	1
YNL301C	76	76
YJL136C	55	55
YLR048W	128	128
YLR005W	30	30
YFL007W	12	12
YHR058C	9	9
YOR224C	39	39
YOR106W	13	13
YBR193C	7	7
YBL041W	33	33
YGR258C	15	15
YHR052W	2	2
YOR142W	2	2
YDR302W	1	1
YOR375C	1	1
YKL028W	21	21
YLR286C	1	1
YJR064W	8	8
YER013W	6	6
YDL135C	4	4
YNL230C	1	1
YBR288C	1	1
YPL131W	120	120
YGR135W	34	34
YBR198C	27	27
YNL093W	2	2
YGR262C	2	2
YJL031C	2	2
YHR065C	38	38
YDR495C	5	5
YNL240C	3	3
YEL020W-A	8	8
YDR019C	3	3
YBR105C	1	1
YJR145C	130	130
YMR149W	6	6
YPR031W	5	5
YIL062C	6	6
YJL085W	6	6
YGR132C	1	1
YGL163C	1	1
YGL171W	38	38
YDR460W	13	13
YLR275W	49	49
YGL098W	4	4
YPL242C	2	2
YAR002C-A	2	2
YOR272W	47	47
YIL126W	6	6
YKL172W	19	19
YDR025W	59	59
YPL254W	2	2
Q0045	3	3
YOL139C	16	16
YGR027C	130	130
YJR121W	17	17
YCL008C	9	9
YOR360C	1	1
YFL028C	1	1
YOL073C	1	1
YHR161C	2	2
YLR388W	129	129
YGL011C	32	32
YOL120C	117	117
YPL076W	3	3
YNL329C	4	4
YBR081C	11	11
YDL166C	1	1
YBR103W	5	5
YJL189W	119	119
YPL210C	4	4
YNL308C	22	22
YDL108W	26	26
YJL033W	2	2
YLR008C	9	9
YHR114W	1	1
YLR251W	1	1
YPL249C-A	118	118
YOR312C	76	76
YBR112C	1	1
YML001W	3	3
YER093C	2	2
YKL145W	35	35
YOL069W	13	13
YDL105W	5	5
YER002W	9	9
YMR247C	2	2
YHR072W-A	6	6
YKR009C	2	2
YDL185W	16	16
YHR122W	3	3
YGR277C	1	1
YMR022W	4	4
YDR362C	3	3
YDR477W	3	3
YDL190C	9	9
YDR331W	4	4
YBL021C	2	2
YDR457W	9	9
YOL038W	34	34
Q0130	10	10
YLR268W	28	28
YLR459W	4	4
YJR125C	1	1
YGL047W	1	1
YOR048C	1	1
YBL052C	2	2
YCL054W	22	22
YEL053C	5	5
YPR165W	2	2
YLR105C	2	2
YDR408C	2	2
YPL271W	9	9
YGL130W	3	3
YHR013C	5	5
YLR337C	1	1
YDR088C	1	1
YBR267W	5	5
YBR084C-A	118	118
YOL062C	3	3
YBR170C	5	5
YKL095W	3	3
YDR180W	2	2
YPL069C	1	1
YDR225W	13	13
YLR085C	8	8
YPL078C	13	13
YML010W	26	26
YAL021C	6	6
YBL040C	5	5
YHR027C	35	35
YOL021C	11	11
YBR200W	2	2
YPR023C	18	18
YLR305C	3	3
YNL222W	9	9
YOR259C	35	35
YFR052W	35	35
YLR145W	3	3
YOR123C	6	6
YDR252W	1	1
YOR098C	6	6
YHR188C	4	4
YBR039W	16	16
YHR010W	118	118
YCR057C	55	55
YOL135C	9	9
YLR421C	33	33
YMR125W	14	14
YLL014W	4	4
YER023W	1	1
YML095C	11	11
YDR096W	5	5
YMR293C	1	1
YMR120C	1	1
YGL031C	76	76
YHR090C	4	4
YLL027W	1	1
YER027C	2	2
YOR056C	6	6
YDR172W	49	49
YMR091C	3	3
YDL084W	2	2
YHL015W	131	131
YPR182W	43	43
YAL058W	2	2
YGR218W	2	2
YNR037C	6	6
YBL072C	59	59
YDR041W	12	12
YPR055W	6	6
YIR012W	5	5
YOR368W	1	1
YML121W	1	1
YBL088C	7	7
YOR159C	48	48
YDR080W	5	5
YPL135W	3	3
YDR069C	2	2
YJR140C	3	3
YPL001W	1	1
YJL191W	156	156
YPR110C	22	22
YDR052C	1	1
YHR169W	32	32
YDL137W	11	11
YPL045W	7	7
YAR014C	2	2
YBR231C	5	5
YDR021W	11	11
YGR103W	44	44
YEL044W	3	3
YBR127C	17	17
YGL002W	2	2
YDL031W	7	7
YCL043C	1	1
YDL130W	76	76
YML049C	34	34
YGL127C	9	9
YIL091C	38	38
YLL011W	48	48
YPL231W	1	1
YMR106C	1	1
YJL167W	1	1
YMR242C	118	118
YLR325C	120	120
YDR188W	7	7
YMR201C	14	14
YLR106C	7	7
YGL018C	2	2
YGR231C	1	1
YOR293W	126	126
YDR079C-A	9	9
YDL209C	10	10
YJL115W	1	1
YNR011C	2	2
YJL025W	1	1
YDR471W	120	120
YJL109C	56	56
YNR035C	7	7
YDL052C	1	1
YDL028C	3	3
YER122C	6	6
YOR339C	4	4
YLR347C	1	1
YLR406C	119	119
YNL082W	5	5
YDL003W	4	4
YAR008W	2	2
YJL029C	2	2
YMR080C	14	14
YOL012C	12	12
YJL137C	1	1
YGL155W	1	1
YGL194C	7	7
YOR310C	51	51
YLR061W	117	117
YBR065C	12	12
YPL010W	9	9
YCR035C	11	11
YDR378C	26	26
YPR010C	13	13
YHR089C	6	6
YPR135W	1	1
YOR061W	2	2
YDL168W	1	1
YOL121C	127	127
YBR189W	159	159
YER162C	7	7
YML124C	1	1
YBR010W	6	6
YLR240W	4	4
YOR075W	13	13
YAR003W	6	6
YHR193C	2	2
YNL118C	3	3
YDR518W	1	1
YFL039C	11	11
YJR065C	8	8
YKL182W	1	1
YDR212W	7	7
YNL172W	10	10
YLR127C	10	10
YOR136W	2	2
YNR053C	1	1
YPL149W	2	2
YLR117C	30	30
YPR160W	1	1
YML065W	14	14
YOL115W	3	3
YNL284C	10	10
YDL047W	2	2
YGL078C	10	10
YLR045C	6	6
YDR473C	24	24
YLR128W	4	4
YPL120W	2	2
YDR363W-A	26	26
YKL195W	1	1
YDR469W	3	3
YLR059C	1	1
YOL004W	10	10
YMR274C	1	1
YJL010C	6	6
YLR222C	55	55
YPL047W	12	12
YNL107W	11	11
YDR254W	4	4
YHR110W	2	2
YLR193C	1	1
YBR088C	37	37
YPR184W	1	1
YGR156W	7	7
YDR118W	10	10
YMR240C	19	19
YMR190C	3	3
YOL149W	1	1
YER050C	11	11
YPR041W	9	9
YML127W	1	1
YDL087C	13	13
YMR101C	1	1
YGR181W	5	5
YPR187W	51	51
YJR135W-A	5	5
YOR254C	3	3
YMR047C	6	6
YJR082C	9	9
YNL178W	138	138
YMR290C	9	9
YEL026W	75	75
YMR024W	2	2
YLR026C	28	28
YIL111W	8	8
YPR051W	6	6
YLR212C	2	2
YCR003W	1	1
YOR275C	1	1
YDL100C	1	1
YDR283C	1	1
YER117W	76	76
YMR049C	47	47
YMR061W	10	10
YML092C	34	34
YHR008C	1	1
YLL031C	1	1
YDL060W	28	28
YFL022C	1	1
YKL001C	1	1
YER100W	2	2
YNL025C	8	8
YDR013W	10	10
YLR333C	130	130
YIL150C	15	15
YGR232W	22	22
YER131W	55	55
YDR392W	15	15
YMR054W	15	15
YNL299W	3	3
YLR066W	2	2
YMR060C	2	2
YJL164C	1	1
YGL112C	23	23
YNL252C	6	6
YKL013C	7	7
YDR226W	1	1
YJL008C	7	7
YGR214W	131	131
YPR107C	16	16
YLR147C	50	50
YOL142W	13	13
YOL051W	4	4
YDL102W	13	13
YNL221C	3	3
YHR062C	7	7
YDR325W	4	4
YEL056W	2	2
YGR188C	12	12
YLR378C	5	5
YDR163W	4	4
YML026C	127	127
YOL138C	6	6
YNL250W	2	2
YOR321W	2	2
YDR308C	11	11
YJL053W	3	3
YGR116W	2	2
YBL002W	8	8
YBR123C	7	7
YDL195W	13	13
YOR341W	14	14
YGR274C	17	17
YBR038W	1	1
YGL190C	8	8
YML085C	1	1
YFR050C	35	35
YIL125W	5	5
YMR314W	34	34
YHR077C	10	10
YOR065W	15	15
YBL023C	21	21
YBL092W	120	120
YPR103W	33	33
YDR211W	7	7
YFL017W-A	49	49
YFR037C	6	6
YPL237W	29	29
YML042W	2	2
YBL038W	8	8
YIR015W	3	3
YNL096C	157	157
YGR253C	36	36
YDR447C	54	54
YMR304W	3	3
YMR095C	1	1
YBR221C	5	5
YPR102C	119	119
YOR327C	5	5
YOR357C	4	4
YCR071C	1	1
YPL249C	1	1
YDL064W	2	2
YHL007C	2	2
