Y001	Y003	0.900000
Y005	Y001	0.700000
Y002	Y003	0.700000
Y003	Y002	0.700000
Y002	Y005	0.800000
Y006	Y004	1.000000
Y001	Y004	0.800000
Y003	Y001	0.900000
Y006	Y005	0.900000
Y002	Y001	1.000000
Y005	Y002	0.800000
Y001	Y002	1.000000
Y004	Y001	0.800000
Y005	Y006	0.900000
Y004	Y006	1.000000
Y001	Y005	0.700000
