Y006	Y004	0.873465
Y005	Y006	0.772031
Y002	Y003	0.350000
Y001	Y004	0.754289
Y002	Y005	0.400000
Y003	Y001	0.748202
Y004	Y001	0.469788
Y003	Y002	0.648202
Y001	Y003	0.804289
Y002	Y001	0.500000
Y004	Y006	0.569788
Y001	Y002	0.854289
Y006	Y005	0.823465
Y001	Y005	0.704289
Y005	Y002	0.722031
Y005	Y001	0.672031
