Y006	Y005	0.974693
Y001	Y004	0.941716
Y002	Y005	0.800000
Y004	Y006	1.000000
Y002	Y001	1.000000
Y003	Y001	0.959640
Y004	Y001	0.827915
Y005	Y002	0.928812
Y005	Y006	0.964406
Y002	Y003	0.700000
Y003	Y002	0.878921
Y001	Y003	0.970858
Y006	Y004	1.000000
Y001	Y002	1.000000
Y005	Y001	0.893219
Y001	Y005	0.912574
