Y002	Y003	0.000000
Y004	Y001	0.111661
Y002	Y005	0.000000
Y001	Y002	0.708579
Y001	Y004	0.566863
Y006	Y005	0.672238
Y005	Y001	0.450843
Y006	Y004	0.746931
Y004	Y006	0.139576
Y001	Y003	0.637721
Y005	Y006	0.579656
Y002	Y001	0.000000
Y005	Y002	0.515250
Y001	Y005	0.496005
Y003	Y002	0.417482
Y003	Y001	0.536763
